40: slib_counter.vhd 61
42: slib_counter.vhd 58
43: slib_counter.vhd 63
44: slib_input_filter.vhd 53
45: slib_input_filter.vhd 52
46: slib_input_filter.vhd 54
47: slib_input_filter.vhd 60
48: slib_input_filter.vhd 62
49: slib_input_filter.vhd 54
50: slib_input_filter.vhd 52
51: slib_input_filter.vhd 54
52: slib_input_filter.vhd 55
53: slib_mv_filter.vhd 62
54: slib_mv_filter.vhd 61
55: slib_mv_filter.vhd 58
56: slib_mv_filter.vhd 58
57: uart_receiver.vhd 191
58: uart_receiver.vhd 197, 198, 199, 200
59: uart_receiver.vhd 197, 198, 199, 200
60: uart_receiver.vhd 197, 198, 199, 200
61: uart_receiver.vhd 197, 198, 199, 200
62: uart_receiver.vhd 298
63: uart_receiver.vhd 299, 300, 301
64: uart_receiver.vhd 299, 300, 301
65: uart_receiver.vhd 189
66: uart_receiver.vhd 274
74: uart_receiver.vhd 197, 198, 199, 200
75: uart_receiver.vhd 299, 300, 301
76: uart_receiver.vhd 274
77: uart_receiver.vhd 197, 198, 199, 200
78: uart_receiver.vhd 197, 198, 199, 200
79: uart_receiver.vhd 197, 198, 199, 200
80: uart_receiver.vhd 197, 198, 199, 200
81: uart_receiver.vhd 197, 198, 199, 200
82: uart_receiver.vhd 197, 198, 199, 200
83: uart_receiver.vhd 197, 198, 199, 200
84: uart_receiver.vhd 298
85: uart_receiver.vhd 298
86: uart_receiver.vhd 299, 300, 301
87: uart_receiver.vhd 189
88: uart_receiver.vhd 175
89: uart_receiver.vhd 286
90: uart_receiver.vhd 197, 198, 199, 200
91: uart_receiver.vhd 197, 198, 199, 200
92: uart_receiver.vhd 197, 198, 199, 200
93: uart_receiver.vhd 170
94: uart_receiver.vhd 175
95: uart_receiver.vhd 175
96: uart_receiver.vhd 175
97: uart_receiver.vhd 175
98: uart_receiver.vhd 175
99: uart_receiver.vhd 175
100: uart_receiver.vhd 175
101: uart_receiver.vhd 175
102: uart_receiver.vhd 282
1 0: slib_counter.vhd 74
2 1: uart_receiver.vhd 225
2 2: uart_receiver.vhd 217
3 0: slib_counter.vhd 75
4 1: uart_receiver.vhd 197, 198, 199, 200
4 2: uart_receiver.vhd 197, 198, 199, 200
5 1: uart_receiver.vhd 226, 227
5 2: uart_receiver.vhd 218
7 0: uart_receiver.vhd 170
8 0: slib_mv_filter.vhd 75
9 1: uart_receiver.vhd 298
9 2: uart_receiver.vhd 298
10 1: uart_receiver.vhd 299, 300, 301
10 2: uart_receiver.vhd 299, 300, 301
11 1: uart_receiver.vhd 302
11 2: uart_receiver.vhd 302
12 0: uart_receiver.vhd 175
13 2: uart_receiver.vhd 219
13 3: uart_receiver.vhd 251, 254
14 10: uart_receiver.vhd 223, 233
14 11: uart_receiver.vhd 216, 255
14 12: uart_receiver.vhd 230, 242
14 13: uart_receiver.vhd 239, 245, 258
14 14: uart_receiver.vhd 237, 247
14 15: uart_receiver.vhd 252, 261
15 5: slib_counter.vhd 59
15 6: slib_counter.vhd 61
15 7: slib_counter.vhd 63
15 8: slib_counter.vhd 58
15 9: slib_counter.vhd 53, 56
16 6: slib_counter.vhd 59
16 7: slib_counter.vhd 61
16 8: slib_counter.vhd 63
16 9: slib_counter.vhd 58
16 10: slib_counter.vhd 53, 56, 67
17 4: slib_input_filter.vhd 51, 54
17 5: slib_input_filter.vhd 55
17 6: slib_input_filter.vhd 53
17 7: slib_input_filter.vhd 47
18 4: slib_mv_filter.vhd 58, 61
18 5: slib_mv_filter.vhd 62
18 6: slib_mv_filter.vhd 55, 67
19 3: slib_mv_filter.vhd 58
19 4: slib_mv_filter.vhd 59
19 5: slib_mv_filter.vhd 56, 68
20 1: uart_receiver.vhd 208
20 2: uart_receiver.vhd 206
21 1: uart_receiver.vhd 166
21 2: uart_receiver.vhd 164
22 3: uart_receiver.vhd 189
22 4: uart_receiver.vhd 191
22 5: uart_receiver.vhd 182, 186
23 4: uart_receiver.vhd 189, 190
23 5: uart_receiver.vhd 190
23 6: uart_receiver.vhd 183, 187
24 4: uart_receiver.vhd 189, 190
24 5: uart_receiver.vhd 190
24 6: uart_receiver.vhd 183, 187
25 4: uart_receiver.vhd 189, 190
25 5: uart_receiver.vhd 190
25 6: uart_receiver.vhd 183, 187
26 4: uart_receiver.vhd 189, 190
26 5: uart_receiver.vhd 190
26 6: uart_receiver.vhd 183, 187
27 4: uart_receiver.vhd 189, 190
27 5: uart_receiver.vhd 190
27 6: uart_receiver.vhd 183, 187
28 4: uart_receiver.vhd 189, 190
28 5: uart_receiver.vhd 190
28 6: uart_receiver.vhd 183, 187
29 4: uart_receiver.vhd 189, 190
29 5: uart_receiver.vhd 190
29 6: uart_receiver.vhd 183, 187
30 4: uart_receiver.vhd 189, 190
30 5: uart_receiver.vhd 190
30 6: uart_receiver.vhd 183, 187
31 3: slib_input_filter.vhd 62
31 4: slib_input_filter.vhd 48, 63
31 5: slib_input_filter.vhd 61
32 3: uart_receiver.vhd 272, 292
32 4: uart_receiver.vhd 274
32 5: uart_receiver.vhd 275
33 0: uart_receiver.vhd 305
34 0: uart_receiver.vhd 306
35 0: uart_receiver.vhd 307
36 0: uart_receiver.vhd 308
37 5: uart_receiver.vhd 271, 280, 291
37 6: uart_receiver.vhd 283, 287
