29: uart_transmitter.vhd 72
30: uart_transmitter.vhd 72
31: uart_transmitter.vhd 199
32: uart_transmitter.vhd 72, 106
33: uart_transmitter.vhd 72
34: uart_transmitter.vhd 116
35: uart_transmitter.vhd 126
36: uart_transmitter.vhd 199, 203
37: uart_transmitter.vhd 151
38: uart_transmitter.vhd 199
39: uart_transmitter.vhd 176
40: uart_transmitter.vhd 176
41: uart_transmitter.vhd 176
42: uart_transmitter.vhd 176
43: uart_transmitter.vhd 177
44: uart_transmitter.vhd 178
45: uart_transmitter.vhd 179
0 0: uart_transmitter.vhd 176
1 0: uart_transmitter.vhd 177
2 0: uart_transmitter.vhd 178
3 0: uart_transmitter.vhd 179
4 1: uart_transmitter.vhd 182
4 2: uart_transmitter.vhd 183
4 3: uart_transmitter.vhd 184
4 4: uart_transmitter.vhd 185
5 4: uart_transmitter.vhd 89, 145
5 5: uart_transmitter.vhd 95, 143
5 6: uart_transmitter.vhd 97
5 7: uart_transmitter.vhd 99
5 8: uart_transmitter.vhd 101
5 9: uart_transmitter.vhd 103
5 10: uart_transmitter.vhd 105
5 11: uart_transmitter.vhd 115
5 12: uart_transmitter.vhd 125
5 13: uart_transmitter.vhd 135
5 14: uart_transmitter.vhd 151
5 15: uart_transmitter.vhd 149
6 7: uart_transmitter.vhd 88
6 8: uart_transmitter.vhd 93, 159, 163
6 9: uart_transmitter.vhd 96
6 10: uart_transmitter.vhd 98
6 11: uart_transmitter.vhd 100
6 12: uart_transmitter.vhd 102
6 13: uart_transmitter.vhd 104
6 14: uart_transmitter.vhd 113
6 15: uart_transmitter.vhd 110, 120, 130, 139, 154
6 16: uart_transmitter.vhd 108, 118, 128, 137
6 17: uart_transmitter.vhd 123
6 18: uart_transmitter.vhd 133
6 19: uart_transmitter.vhd 156
7 2: uart_transmitter.vhd 196, 206
7 3: uart_transmitter.vhd 204
8 4: uart_transmitter.vhd 67, 76
8 5: uart_transmitter.vhd 69, 73
8 6: uart_transmitter.vhd 64
9 2: uart_transmitter.vhd 195, 198
9 3: uart_transmitter.vhd 200
10 4: uart_transmitter.vhd 67
10 5: uart_transmitter.vhd 70, 74
10 6: uart_transmitter.vhd 65, 77
11 1: uart_transmitter.vhd 212
11 2: uart_transmitter.vhd 212
12 0: uart_transmitter.vhd 213
